DEBUG_LOGIN email=gothamanupa@gmail.com pw_len=10 pw_head='Anupa@1808...' hash_len=0
DEBUG_LOGIN email=gothamanupa@gmail.com pw_len=10 pw_head='Anupa@1808...' hash_len=0
DEBUG_LOGIN email=gothamanupa@gmail.com pw_len=10 pw_head='Anupa@1808...' hash_len=0
DEBUG_LOGIN email=gothamanupa@gmail.com pw_len=10 pw_head='Anupa@1808...' hash_len=60
DEBUG_REGISTER email=auth_ecf4d9a6@example.com pw_type=<class 'str'> pw_len=13
DEBUG_LOGIN email=auth_ecf4d9a6@example.com pw_len=13 pw_head='securepass123...' hash_len=60
DEBUG_REGISTER email=dup_c86447ed@example.com pw_type=<class 'str'> pw_len=13
DEBUG_REGISTER email=dup_c86447ed@example.com pw_type=<class 'str'> pw_len=13
DEBUG_REGISTER email=test_3f56fda5@example.com pw_type=<class 'str'> pw_len=13
DEBUG_LOGIN email=test_3f56fda5@example.com pw_len=13 pw_head='securepass123...' hash_len=60
DEBUG_REGISTER email=test_a118d2c8@example.com pw_type=<class 'str'> pw_len=13
DEBUG_LOGIN email=test_a118d2c8@example.com pw_len=13 pw_head='securepass123...' hash_len=60
DEBUG_REGISTER email=test_9c131c59@example.com pw_type=<class 'str'> pw_len=13
DEBUG_LOGIN email=test_9c131c59@example.com pw_len=13 pw_head='securepass123...' hash_len=60
DEBUG_REGISTER email=auth_10de6836@example.com pw_type=<class 'str'> pw_len=13
DEBUG_LOGIN email=auth_10de6836@example.com pw_len=13 pw_head='securepass123...' hash_len=60
DEBUG_REGISTER email=dup_30ef705e@example.com pw_type=<class 'str'> pw_len=13
DEBUG_REGISTER email=dup_30ef705e@example.com pw_type=<class 'str'> pw_len=13
DEBUG_REGISTER email=test_72849d76@example.com pw_type=<class 'str'> pw_len=13
DEBUG_LOGIN email=test_72849d76@example.com pw_len=13 pw_head='securepass123...' hash_len=60
DEBUG_REGISTER email=test_238de6c9@example.com pw_type=<class 'str'> pw_len=13
DEBUG_LOGIN email=test_238de6c9@example.com pw_len=13 pw_head='securepass123...' hash_len=60
DEBUG_REGISTER email=test_85922e9c@example.com pw_type=<class 'str'> pw_len=13
DEBUG_LOGIN email=test_85922e9c@example.com pw_len=13 pw_head='securepass123...' hash_len=60
DEBUG_LOGIN email=karthikwrk19@gmail.com pw_len=8 pw_head='Test@123...' hash_len=0
DEBUG_LOGIN email=karthikwrk19@gmail.com pw_len=8 pw_head='Test@123...' hash_len=0
DEBUG_LOGIN email=karthikwrk19@gmail.com pw_len=8 pw_head='test@123...' hash_len=60
DEBUG_LOGIN email=gothamanupa@gmail.com pw_len=10 pw_head='Anupa@1808...' hash_len=60
DEBUG_LOGIN email=karthikwrk19@gmail.com pw_len=8 pw_head='test@123...' hash_len=60
DEBUG_LOGIN email=gothamanupa@gmail.com pw_len=10 pw_head='Anupa@1808...' hash_len=60
